// Jest Snapshot v1, https://goo.gl/fbAQLP

exports[`Home page test cases Render snapshot to be expected 1`] = `<Home />`;
